[debug] [2026-02-18T11:13:00.240Z] ----------------------------------------------------------------------
[debug] [2026-02-18T11:13:00.242Z] Command:       /usr/local/bin/node /Users/kobec/.npm-global/bin/firebase init
[debug] [2026-02-18T11:13:00.242Z] CLI Version:   15.5.1
[debug] [2026-02-18T11:13:00.242Z] Platform:      darwin
[debug] [2026-02-18T11:13:00.242Z] Node Version:  v22.17.1
[debug] [2026-02-18T11:13:00.243Z] Time:          Wed Feb 18 2026 20:13:00 GMT+0900 (Korean Standard Time)
[debug] [2026-02-18T11:13:00.243Z] ----------------------------------------------------------------------
[debug] 
[info] 
     ######## #### ########  ######## ########     ###     ######  ########
     ##        ##  ##     ## ##       ##     ##  ##   ##  ##       ##
     ######    ##  ########  ######   ########  #########  ######  ######
     ##        ##  ##    ##  ##       ##     ## ##     ##       ## ##
     ##       #### ##     ## ######## ########  ##     ##  ######  ########

You're about to initialize a Firebase project in this directory:

  /Users/kobec/Desktop/aitigravity/신문 스크립트 가게

[debug] [2026-02-18T11:18:56.994Z] ExitPromptError: User force closed the prompt with SIGINT
    at Interface.sigint (/Users/kobec/.npm-global/lib/node_modules/firebase-tools/node_modules/@inquirer/core/dist/commonjs/lib/create-prompt.js:101:37)
    at Interface.emit (node:events:518:28)
    at [_ttyWrite] [as _ttyWrite] (node:internal/readline/interface:1132:18)
    at ReadStream.onkeypress (node:internal/readline/interface:271:20)
    at ReadStream.emit (node:events:530:35)
    at emitKeys (node:internal/readline/utils:370:14)
    at emitKeys.next (<anonymous>)
    at ReadStream.onData (node:internal/readline/emitKeypressEvents:64:36)
    at ReadStream.emit (node:events:518:28)
    at addChunk (node:internal/streams/readable:561:12)
[error] 
[error] Error: An unexpected error has occurred.
